A51 MACRO ASSEMBLER  MAIN                                                                 05/31/2019 19:44:38 PAGE     1


MACRO ASSEMBLER A51 V8.2.7.0
OBJECT MODULE PLACED IN .\Objects\main.obj
ASSEMBLER INVOKED BY: C:\Keil_v5\C51\BIN\A51.EXE main.a51 SET(SMALL) PRINT(.\Listings\main.lst) OBJECT(.\Objects\main.ob
                      j) EP

LOC  OBJ            LINE     SOURCE

                       1     
                       2     
                       3           ; Reset Vector
0000                   4           org   0000h
0000 2100              5           jmp   Start
0023                   6           ORG 00023H
0023 8000              7           JMP REC_UART
                       8     
                       9     ;====================================================================
                      10     ; CODE SEGMENT
                      11     ;====================================================================
0025                  12     REC_UART:
0025 3098FD           13           JNB RI, $
0028 E599             14           MOV A, SBUF
002A C298             15           CLR RI
002C 32               16     RETI 
002D                  17     TRUYEN:
002D F599             18        MOV SBUF, A
002F 3099FD           19        HERE: JNB TI, HERE
0032 C299             20        CLR TI
0034 22               21     RET
                      22     ; H CUA 8051 = 921600 HZ
                      23     ; T = 1.08us
                      24     ; DEM 65536 - 20 = 65516 LAN
                      25     ; => DUTY CYCLE = 65516 * 1.08US = 0.071
                      26     ; DUTY CYCLE TIEN 25% LUI 75%
0035                  27     DELAY_PULSE:
                      28           ;MOV TMOD, #01h
0035 758C00           29           MOV TH0, #000H
0038 758A14           30           MOV TL0, #014H
003B D28C             31           SETB TR0
003D 308DFD           32           JNB TF0, $
0040 C28D             33           CLR TF0
0042 C28C             34           CLR TR0
0044 22               35     RET
                      36     ;------------------------------ CHUONG TRINH CON GOC SERVO -------------------
0045                  37     MOVE90:
0045 7F64             38             MOV R7,#100
0047                  39     MOVE900:
0047 D2A4             40             SETB P2.4
0049 1190             41             CALL DELAY90
004B C2A4             42             CLR P2.4
004D 1190             43             CALL DELAY90
004F DFF6             44             DJNZ R7,MOVE900
0051 7F00             45             MOV R7,#0
0053 22               46             RET
                      47     
0054                  48     MOVE45:
0054 7F64             49             MOV R7,#100
0056                  50     MOVE455:
0056 D2A4             51             SETB P2.4
0058 11A0             52             CALL DELAY45
005A C2A4             53             CLR P2.4
005C 11A0             54             CALL DELAY45
005E DFF6             55             DJNZ R7,MOVE455
0060 7F00             56             MOV R7,#0
0062 22               57             RET
A51 MACRO ASSEMBLER  MAIN                                                                 05/31/2019 19:44:38 PAGE     2

                      58     
0063                  59     MOVE0:
0063 7F64             60             MOV R7,#100
0065                  61     MOVE00:
0065 D2A4             62             SETB P2.4
0067 11B0             63             CALL DELAY0
0069 C2A4             64             CLR P2.4
006B 11B0             65             CALL DELAY0
006D DFF6             66             DJNZ R7,MOVE00
006F 7F00             67             MOV R7,#0
0071 22               68             RET
                      69     
0072                  70     MOVET45:
0072 7F64             71             MOV R7,#100
0074                  72     MOVET455:
0074 D2A4             73             SETB P2.4
0076 11C0             74             CALL DELAYT45
0078 C2A4             75             CLR P2.4
007A 11C0             76             CALL DELAYT45
007C DFF6             77             DJNZ R7,MOVET455
007E 7F00             78             MOV R7,#0
0080 22               79             RET
0081                  80     MOVET90:
0081 7F64             81             MOV R7,#100
0083                  82     MOVET900:
0083 D2A4             83             SETB P2.4
0085 11D0             84             CALL DELAYT90
0087 C2A4             85             CLR P2.4
0089 11D0             86             CALL DELAYT90
008B DFF6             87             DJNZ R7,MOVET900
008D 7F00             88             MOV R7,#0
008F 22               89             RET
                      90                     
0090                  91     DELAY90:
0090 758A74           92             MOV TL0,#LOW(-2700)
0093 758CF5           93             MOV TH0,#HIGH(-2700)
0096 D28C             94             SETB TR0
0098 308DFD           95             JNB  TF0,$
009B C28C             96             CLR  TR0
009D C28D             97             CLR  TF0
009F 22               98             RET
00A0                  99     DELAY45:
00A0 758A30          100             MOV TL0,#LOW(-2000)
00A3 758CF8          101             MOV TH0,#HIGH(-2000)
00A6 D28C            102             SETB TR0
00A8 308DFD          103             JNB  TF0,$
00AB C28C            104             CLR  TR0
00AD C28D            105             CLR  TF0
00AF 22              106             RET
00B0                 107     DELAY0:
00B0 758A24          108             MOV TL0,#LOW(-1500)
00B3 758CFA          109             MOV TH0,#HIGH(-1500)
00B6 D28C            110             SETB TR0
00B8 308DFD          111             JNB  TF0,$
00BB C28C            112             CLR  TR0
00BD C28D            113             CLR  TF0
00BF 22              114             RET
00C0                 115     DELAYT45:
00C0 758A18          116             MOV TL0,#LOW(-1000)
00C3 758CFC          117             MOV TH0,#HIGH(-1000)
00C6 D28C            118             SETB TR0
00C8 308DFD          119             JNB  TF0,$
00CB C28C            120             CLR  TR0
00CD C28D            121             CLR  TF0
00CF 22              122             RET     
00D0                 123     DELAYT90:
A51 MACRO ASSEMBLER  MAIN                                                                 05/31/2019 19:44:38 PAGE     3

00D0 758A0C          124             MOV TL0,#LOW(-500)
00D3 758CFE          125             MOV TH0,#HIGH(-500)
00D6 D28C            126             SETB TR0
00D8 308DFD          127             JNB  TF0,$
00DB C28C            128             CLR  TR0
00DD C28D            129             CLR  TF0
00DF 22              130             RET
00E0 7964            131     DELAY: MOV R1,#100
00E2 7A63            132     LAP1: MOV R2,#99
00E4 7B4A            133     LAP2: MOV R3,#74
00E6 DBFE            134     LAP3: DJNZ R3,LAP3
00E8 DAFA            135     DJNZ R2,LAP2
00EA D9F6            136     DJNZ R1,LAP1
00EC 22              137     RET
00ED                 138     DELAY_SV:
00ED 758CFE          139           MOV TH0, #0FEH
00F0 758A40          140           MOV TL0, #40H
00F3 D28C            141           SETB TR0
00F5 308DFD          142           JNB TF0, $
00F8 C28D            143           CLR TF0
00FA C28C            144           CLR TR0
00FC 22              145     RET
00FD                 146     DUNG:
00FD C2B5            147           CLR P3.5
00FF C2B4            148           CLR P3.4
0101 C2B6            149           CLR P3.6
0103 C2B7            150           CLR P3.7  
0105 22              151     RET
0106                 152     DELAYSV:
0106 7F14            153             MOV     R7,#20
0108                 154             DELAYSVV:
0108 758AA0          155             MOV TL0,#LOW(-60000)
010B 758C15          156             MOV TH0,#HIGH(-60000)
010E D28C            157             SETB    TR0
0110 308DFD          158             AGAIN:  JNB     TF0,    AGAIN
0113 C28C            159             CLR     TR0
0115 C28D            160             CLR     TF0
0117 DFEF            161             DJNZ R7,DELAYSVV
0119 7F00            162             MOV     R7,#0
011B 22              163             RET
                     164     
0100                 165           org   0100h
0100                 166     Start:  
0100 75A890          167           MOV IE, #90H
0103 759850          168           MOV SCON , #50H
0106 758921          169           MOV TMOD ,#21H
0109 758DFD          170           MOV TH1, #0FDH
010C D28E            171           SETB TR1
010E 7400            172               MOV A, #0
0110 C2B5            173               CLR P3.5
0112 C2B4            174           CLR P3.4
0114 C2B6            175           CLR P3.6
0116 C2B7            176           CLR P3.7  
0118                 177               LOOP:  
0118 B44211          178           CJNE A,#"B", CONTI_1
011B B4420E          179               CJNE A,#"B", CONTI_1
011E 1163            180               ACALL MOVE0
0120 D2B6            181               SETB P3.6
0122 C2B7            182               CLR P3.7
0124 D2B4            183               SETB P3.4
0126 C2B5            184               CLR P3.5
0128 7400            185           MOV A,#0
012A 80EC            186           JMP LOOP
012C                 187           CONTI_1:
012C B4460E          188           CJNE A,#"F", CONTI_2
012F 1163            189               ACALL MOVE0
A51 MACRO ASSEMBLER  MAIN                                                                 05/31/2019 19:44:38 PAGE     4

0131 D2B7            190               SETB P3.7
0133 C2B6            191               CLR  P3.6
0135 D2B5            192               SETB P3.5
0137 C2B4            193               CLR P3.4
0139 7400            194           MOV A,#0
013B 80DB            195           JMP LOOP
013D                 196           CONTI_2:
013D B4520E          197           CJNE A,#"R", CONTI_3
0140 1172            198               ACALL MOVET45
0142 D2B6            199               SETB P3.6
0144 C2B7            200               CLR P3.7
0146 C2B5            201               CLR P3.5
0148 C2B4            202               CLR P3.4
014A 7400            203               MOV A,#0
014C 80CA            204               JMP LOOP
014E                 205               CONTI_3:
014E B44C0E          206               CJNE A,#"L", CONTI_4
0151 1154            207               ACALL MOVE45
0153 C2B7            208               CLR P3.7
0155 C2B6            209               CLR P3.6
0157 D2B4            210               SETB P3.4
0159 C2B5            211               CLR P3.5     
015B 7400            212               MOV A,#0
015D 80B9            213               JMP LOOP
015F                 214               CONTI_4:
015F B4570E          215               CJNE A,#"W", CONTI_5
0162 1163            216               ACALL MOVE0
0164 C2B7            217               CLR P3.7
0166 C2B6            218               CLR P3.6
0168 C2B4            219               CLR P3.4
016A C2B5            220               CLR P3.5
016C 7400            221               MOV A,#0
016E 80A8            222               JMP LOOP   
0170                 223               CONTI_5:
0170 80A6            224     jmp LOOP
0172 22              225     RET 
                     226                   
                     227     ;====================================================================
                     228           END
A51 MACRO ASSEMBLER  MAIN                                                                 05/31/2019 19:44:38 PAGE     5

SYMBOL TABLE LISTING
------ ----- -------


N A M E             T Y P E  V A L U E   ATTRIBUTES

AGAIN. . . . . . .  C ADDR   0110H   A   
CONTI_1. . . . . .  C ADDR   012CH   A   
CONTI_2. . . . . .  C ADDR   013DH   A   
CONTI_3. . . . . .  C ADDR   014EH   A   
CONTI_4. . . . . .  C ADDR   015FH   A   
CONTI_5. . . . . .  C ADDR   0170H   A   
DELAY. . . . . . .  C ADDR   00E0H   A   
DELAY0 . . . . . .  C ADDR   00B0H   A   
DELAY45. . . . . .  C ADDR   00A0H   A   
DELAY90. . . . . .  C ADDR   0090H   A   
DELAYSV. . . . . .  C ADDR   0106H   A   
DELAYSVV . . . . .  C ADDR   0108H   A   
DELAYT45 . . . . .  C ADDR   00C0H   A   
DELAYT90 . . . . .  C ADDR   00D0H   A   
DELAY_PULSE. . . .  C ADDR   0035H   A   
DELAY_SV . . . . .  C ADDR   00EDH   A   
DUNG . . . . . . .  C ADDR   00FDH   A   
HERE . . . . . . .  C ADDR   002FH   A   
IE . . . . . . . .  D ADDR   00A8H   A   
LAP1 . . . . . . .  C ADDR   00E2H   A   
LAP2 . . . . . . .  C ADDR   00E4H   A   
LAP3 . . . . . . .  C ADDR   00E6H   A   
LOOP . . . . . . .  C ADDR   0118H   A   
MOVE0. . . . . . .  C ADDR   0063H   A   
MOVE00 . . . . . .  C ADDR   0065H   A   
MOVE45 . . . . . .  C ADDR   0054H   A   
MOVE455. . . . . .  C ADDR   0056H   A   
MOVE90 . . . . . .  C ADDR   0045H   A   
MOVE900. . . . . .  C ADDR   0047H   A   
MOVET45. . . . . .  C ADDR   0072H   A   
MOVET455 . . . . .  C ADDR   0074H   A   
MOVET90. . . . . .  C ADDR   0081H   A   
MOVET900 . . . . .  C ADDR   0083H   A   
P2 . . . . . . . .  D ADDR   00A0H   A   
P3 . . . . . . . .  D ADDR   00B0H   A   
REC_UART . . . . .  C ADDR   0025H   A   
RI . . . . . . . .  B ADDR   0098H.0 A   
SBUF . . . . . . .  D ADDR   0099H   A   
SCON . . . . . . .  D ADDR   0098H   A   
START. . . . . . .  C ADDR   0100H   A   
TF0. . . . . . . .  B ADDR   0088H.5 A   
TH0. . . . . . . .  D ADDR   008CH   A   
TH1. . . . . . . .  D ADDR   008DH   A   
TI . . . . . . . .  B ADDR   0098H.1 A   
TL0. . . . . . . .  D ADDR   008AH   A   
TMOD . . . . . . .  D ADDR   0089H   A   
TR0. . . . . . . .  B ADDR   0088H.4 A   
TR1. . . . . . . .  B ADDR   0088H.6 A   
TRUYEN . . . . . .  C ADDR   002DH   A   


REGISTER BANK(S) USED: 0 


ASSEMBLY COMPLETE.  0 WARNING(S), 0 ERROR(S)
